<?xml version="1.0" encoding="ISO-8859-1" ?>
<link_info>
   <banner>MSP430 Linker PC v21.6.1.LTS</banner>
   <copyright>Copyright (c) 2003-2018 Texas Instruments Incorporated</copyright>
   <link_time>0x6750136e</link_time>
   <link_errors>0x0</link_errors>
   <output_file>OutOfBox_MSP430FR4133.out</output_file>
   <entry_point>
      <name>_c_int00_noargs</name>
      <address>0xd8a2</address>
   </entry_point>
   <input_file_list>
      <input_file id="fl-2">
         <path>.\</path>
         <kind>object</kind>
         <file>StopWatchMode.obj</file>
         <name>StopWatchMode.obj</name>
      </input_file>
      <input_file id="fl-3">
         <path>.\</path>
         <kind>object</kind>
         <file>TempSensorMode.obj</file>
         <name>TempSensorMode.obj</name>
      </input_file>
      <input_file id="fl-4">
         <path>.\</path>
         <kind>object</kind>
         <file>hal_LCD.obj</file>
         <name>hal_LCD.obj</name>
      </input_file>
      <input_file id="fl-5">
         <path>.\</path>
         <kind>object</kind>
         <file>main.obj</file>
         <name>main.obj</name>
      </input_file>
      <input_file id="fl-6">
         <path>.\</path>
         <kind>object</kind>
         <file>temperature_monitor.obj</file>
         <name>temperature_monitor.obj</name>
      </input_file>
      <input_file id="fl-7">
         <path>.\</path>
         <kind>object</kind>
         <file>write_to_fram.obj</file>
         <name>write_to_fram.obj</name>
      </input_file>
      <input_file id="fl-8">
         <path>.\driverlib\MSP430FR2xx_4xx\</path>
         <kind>object</kind>
         <file>adc.obj</file>
         <name>adc.obj</name>
      </input_file>
      <input_file id="fl-9">
         <path>.\driverlib\MSP430FR2xx_4xx\</path>
         <kind>object</kind>
         <file>crc.obj</file>
         <name>crc.obj</name>
      </input_file>
      <input_file id="fl-a">
         <path>.\driverlib\MSP430FR2xx_4xx\</path>
         <kind>object</kind>
         <file>cs.obj</file>
         <name>cs.obj</name>
      </input_file>
      <input_file id="fl-b">
         <path>.\driverlib\MSP430FR2xx_4xx\</path>
         <kind>object</kind>
         <file>ecomp.obj</file>
         <name>ecomp.obj</name>
      </input_file>
      <input_file id="fl-c">
         <path>.\driverlib\MSP430FR2xx_4xx\</path>
         <kind>object</kind>
         <file>eusci_a_spi.obj</file>
         <name>eusci_a_spi.obj</name>
      </input_file>
      <input_file id="fl-d">
         <path>.\driverlib\MSP430FR2xx_4xx\</path>
         <kind>object</kind>
         <file>eusci_a_uart.obj</file>
         <name>eusci_a_uart.obj</name>
      </input_file>
      <input_file id="fl-e">
         <path>.\driverlib\MSP430FR2xx_4xx\</path>
         <kind>object</kind>
         <file>eusci_b_i2c.obj</file>
         <name>eusci_b_i2c.obj</name>
      </input_file>
      <input_file id="fl-f">
         <path>.\driverlib\MSP430FR2xx_4xx\</path>
         <kind>object</kind>
         <file>eusci_b_spi.obj</file>
         <name>eusci_b_spi.obj</name>
      </input_file>
      <input_file id="fl-10">
         <path>.\driverlib\MSP430FR2xx_4xx\</path>
         <kind>object</kind>
         <file>framctl.obj</file>
         <name>framctl.obj</name>
      </input_file>
      <input_file id="fl-11">
         <path>.\driverlib\MSP430FR2xx_4xx\</path>
         <kind>object</kind>
         <file>gpio.obj</file>
         <name>gpio.obj</name>
      </input_file>
      <input_file id="fl-12">
         <path>.\driverlib\MSP430FR2xx_4xx\</path>
         <kind>object</kind>
         <file>lcd_e.obj</file>
         <name>lcd_e.obj</name>
      </input_file>
      <input_file id="fl-13">
         <path>.\driverlib\MSP430FR2xx_4xx\</path>
         <kind>object</kind>
         <file>mpy32.obj</file>
         <name>mpy32.obj</name>
      </input_file>
      <input_file id="fl-14">
         <path>.\driverlib\MSP430FR2xx_4xx\</path>
         <kind>object</kind>
         <file>pmm.obj</file>
         <name>pmm.obj</name>
      </input_file>
      <input_file id="fl-15">
         <path>.\driverlib\MSP430FR2xx_4xx\</path>
         <kind>object</kind>
         <file>rtc.obj</file>
         <name>rtc.obj</name>
      </input_file>
      <input_file id="fl-16">
         <path>.\driverlib\MSP430FR2xx_4xx\</path>
         <kind>object</kind>
         <file>sac.obj</file>
         <name>sac.obj</name>
      </input_file>
      <input_file id="fl-17">
         <path>.\driverlib\MSP430FR2xx_4xx\</path>
         <kind>object</kind>
         <file>sfr.obj</file>
         <name>sfr.obj</name>
      </input_file>
      <input_file id="fl-18">
         <path>.\driverlib\MSP430FR2xx_4xx\</path>
         <kind>object</kind>
         <file>sysctl.obj</file>
         <name>sysctl.obj</name>
      </input_file>
      <input_file id="fl-19">
         <path>.\driverlib\MSP430FR2xx_4xx\</path>
         <kind>object</kind>
         <file>tia.obj</file>
         <name>tia.obj</name>
      </input_file>
      <input_file id="fl-1a">
         <path>.\driverlib\MSP430FR2xx_4xx\</path>
         <kind>object</kind>
         <file>timer_a.obj</file>
         <name>timer_a.obj</name>
      </input_file>
      <input_file id="fl-1b">
         <path>.\driverlib\MSP430FR2xx_4xx\</path>
         <kind>object</kind>
         <file>timer_b.obj</file>
         <name>timer_b.obj</name>
      </input_file>
      <input_file id="fl-1c">
         <path>.\driverlib\MSP430FR2xx_4xx\</path>
         <kind>object</kind>
         <file>tlv.obj</file>
         <name>tlv.obj</name>
      </input_file>
      <input_file id="fl-1d">
         <path>.\driverlib\MSP430FR2xx_4xx\</path>
         <kind>object</kind>
         <file>wdt_a.obj</file>
         <name>wdt_a.obj</name>
      </input_file>
      <input_file id="fl-22">
         <kind>object</kind>
         <file>&lt;internal&gt;</file>
         <name>&lt;internal&gt;</name>
      </input_file>
      <input_file id="fl-38">
         <path>D:\ti\ccstheia151\ccs\tools\compiler\ti-cgt-msp430_21.6.1.LTS\lib\</path>
         <kind>archive</kind>
         <file>rts430x_lc_sd_eabi.lib</file>
         <name>div16s.asm.obj</name>
      </input_file>
      <input_file id="fl-39">
         <path>D:\ti\ccstheia151\ccs\tools\compiler\ti-cgt-msp430_21.6.1.LTS\lib\</path>
         <kind>archive</kind>
         <file>rts430x_lc_sd_eabi.lib</file>
         <name>div16u.asm.obj</name>
      </input_file>
      <input_file id="fl-3a">
         <path>D:\ti\ccstheia151\ccs\tools\compiler\ti-cgt-msp430_21.6.1.LTS\lib\</path>
         <kind>archive</kind>
         <file>rts430x_lc_sd_eabi.lib</file>
         <name>div32s.asm.obj</name>
      </input_file>
      <input_file id="fl-3b">
         <path>D:\ti\ccstheia151\ccs\tools\compiler\ti-cgt-msp430_21.6.1.LTS\lib\</path>
         <kind>archive</kind>
         <file>rts430x_lc_sd_eabi.lib</file>
         <name>div32u.asm.obj</name>
      </input_file>
      <input_file id="fl-3c">
         <path>D:\ti\ccstheia151\ccs\tools\compiler\ti-cgt-msp430_21.6.1.LTS\lib\</path>
         <kind>archive</kind>
         <file>rts430x_lc_sd_eabi.lib</file>
         <name>int45.asm.obj</name>
      </input_file>
      <input_file id="fl-3d">
         <path>D:\ti\ccstheia151\ccs\tools\compiler\ti-cgt-msp430_21.6.1.LTS\lib\</path>
         <kind>archive</kind>
         <file>rts430x_lc_sd_eabi.lib</file>
         <name>int49.asm.obj</name>
      </input_file>
      <input_file id="fl-3e">
         <path>D:\ti\ccstheia151\ccs\tools\compiler\ti-cgt-msp430_21.6.1.LTS\lib\</path>
         <kind>archive</kind>
         <file>rts430x_lc_sd_eabi.lib</file>
         <name>int50.asm.obj</name>
      </input_file>
      <input_file id="fl-3f">
         <path>D:\ti\ccstheia151\ccs\tools\compiler\ti-cgt-msp430_21.6.1.LTS\lib\</path>
         <kind>archive</kind>
         <file>rts430x_lc_sd_eabi.lib</file>
         <name>int51.asm.obj</name>
      </input_file>
      <input_file id="fl-40">
         <path>D:\ti\ccstheia151\ccs\tools\compiler\ti-cgt-msp430_21.6.1.LTS\lib\</path>
         <kind>archive</kind>
         <file>rts430x_lc_sd_eabi.lib</file>
         <name>int53.asm.obj</name>
      </input_file>
      <input_file id="fl-41">
         <path>D:\ti\ccstheia151\ccs\tools\compiler\ti-cgt-msp430_21.6.1.LTS\lib\</path>
         <kind>archive</kind>
         <file>rts430x_lc_sd_eabi.lib</file>
         <name>int54.asm.obj</name>
      </input_file>
      <input_file id="fl-42">
         <path>D:\ti\ccstheia151\ccs\tools\compiler\ti-cgt-msp430_21.6.1.LTS\lib\</path>
         <kind>archive</kind>
         <file>rts430x_lc_sd_eabi.lib</file>
         <name>int55.asm.obj</name>
      </input_file>
      <input_file id="fl-43">
         <path>D:\ti\ccstheia151\ccs\tools\compiler\ti-cgt-msp430_21.6.1.LTS\lib\</path>
         <kind>archive</kind>
         <file>rts430x_lc_sd_eabi.lib</file>
         <name>int57.asm.obj</name>
      </input_file>
      <input_file id="fl-44">
         <path>D:\ti\ccstheia151\ccs\tools\compiler\ti-cgt-msp430_21.6.1.LTS\lib\</path>
         <kind>archive</kind>
         <file>rts430x_lc_sd_eabi.lib</file>
         <name>int58.asm.obj</name>
      </input_file>
      <input_file id="fl-45">
         <path>D:\ti\ccstheia151\ccs\tools\compiler\ti-cgt-msp430_21.6.1.LTS\lib\</path>
         <kind>archive</kind>
         <file>rts430x_lc_sd_eabi.lib</file>
         <name>isr_trap.asm.obj</name>
      </input_file>
      <input_file id="fl-46">
         <path>D:\ti\ccstheia151\ccs\tools\compiler\ti-cgt-msp430_21.6.1.LTS\lib\</path>
         <kind>archive</kind>
         <file>rts430x_lc_sd_eabi.lib</file>
         <name>lsl16.asm.obj</name>
      </input_file>
      <input_file id="fl-47">
         <path>D:\ti\ccstheia151\ccs\tools\compiler\ti-cgt-msp430_21.6.1.LTS\lib\</path>
         <kind>archive</kind>
         <file>rts430x_lc_sd_eabi.lib</file>
         <name>lsr16.asm.obj</name>
      </input_file>
      <input_file id="fl-48">
         <path>D:\ti\ccstheia151\ccs\tools\compiler\ti-cgt-msp430_21.6.1.LTS\lib\</path>
         <kind>archive</kind>
         <file>rts430x_lc_sd_eabi.lib</file>
         <name>mult16.asm.obj</name>
      </input_file>
      <input_file id="fl-49">
         <path>D:\ti\ccstheia151\ccs\tools\compiler\ti-cgt-msp430_21.6.1.LTS\lib\</path>
         <kind>archive</kind>
         <file>rts430x_lc_sd_eabi.lib</file>
         <name>mult32.asm.obj</name>
      </input_file>
      <input_file id="fl-4a">
         <path>D:\ti\ccstheia151\ccs\tools\compiler\ti-cgt-msp430_21.6.1.LTS\lib\</path>
         <kind>archive</kind>
         <file>rts430x_lc_sd_eabi.lib</file>
         <name>boot.c.obj</name>
      </input_file>
      <input_file id="fl-4b">
         <path>D:\ti\ccstheia151\ccs\tools\compiler\ti-cgt-msp430_21.6.1.LTS\lib\</path>
         <kind>archive</kind>
         <file>rts430x_lc_sd_eabi.lib</file>
         <name>autoinit.c.obj</name>
      </input_file>
      <input_file id="fl-4c">
         <path>D:\ti\ccstheia151\ccs\tools\compiler\ti-cgt-msp430_21.6.1.LTS\lib\</path>
         <kind>archive</kind>
         <file>rts430x_lc_sd_eabi.lib</file>
         <name>copy_zero_init.c.obj</name>
      </input_file>
      <input_file id="fl-4d">
         <path>D:\ti\ccstheia151\ccs\tools\compiler\ti-cgt-msp430_21.6.1.LTS\lib\</path>
         <kind>archive</kind>
         <file>rts430x_lc_sd_eabi.lib</file>
         <name>cpy_tbl.c.obj</name>
      </input_file>
      <input_file id="fl-4e">
         <path>D:\ti\ccstheia151\ccs\tools\compiler\ti-cgt-msp430_21.6.1.LTS\lib\</path>
         <kind>archive</kind>
         <file>rts430x_lc_sd_eabi.lib</file>
         <name>mpu_init.c.obj</name>
      </input_file>
      <input_file id="fl-4f">
         <path>D:\ti\ccstheia151\ccs\tools\compiler\ti-cgt-msp430_21.6.1.LTS\lib\</path>
         <kind>archive</kind>
         <file>rts430x_lc_sd_eabi.lib</file>
         <name>pre_init.c.obj</name>
      </input_file>
      <input_file id="fl-50">
         <path>D:\ti\ccstheia151\ccs\tools\compiler\ti-cgt-msp430_21.6.1.LTS\lib\</path>
         <kind>archive</kind>
         <file>rts430x_lc_sd_eabi.lib</file>
         <name>startup.c.obj</name>
      </input_file>
      <input_file id="fl-51">
         <path>D:\ti\ccstheia151\ccs\tools\compiler\ti-cgt-msp430_21.6.1.LTS\lib\</path>
         <kind>archive</kind>
         <file>rts430x_lc_sd_eabi.lib</file>
         <name>copy_decompress_none.c.obj</name>
      </input_file>
      <input_file id="fl-52">
         <path>D:\ti\ccstheia151\ccs\tools\compiler\ti-cgt-msp430_21.6.1.LTS\lib\</path>
         <kind>archive</kind>
         <file>rts430x_lc_sd_eabi.lib</file>
         <name>copy_decompress_lzss.c.obj</name>
      </input_file>
      <input_file id="fl-53">
         <path>D:\ti\ccstheia151\ccs\tools\compiler\ti-cgt-msp430_21.6.1.LTS\lib\</path>
         <kind>archive</kind>
         <file>rts430x_lc_sd_eabi.lib</file>
         <name>exit.c.obj</name>
      </input_file>
      <input_file id="fl-54">
         <path>D:\ti\ccstheia151\ccs\tools\compiler\ti-cgt-msp430_21.6.1.LTS\lib\</path>
         <kind>archive</kind>
         <file>rts430x_lc_sd_eabi.lib</file>
         <name>_lock.c.obj</name>
      </input_file>
      <input_file id="fl-55">
         <path>D:\ti\ccstheia151\ccs\tools\compiler\ti-cgt-msp430_21.6.1.LTS\lib\</path>
         <kind>archive</kind>
         <file>rts430x_lc_sd_eabi.lib</file>
         <name>args_main.c.obj</name>
      </input_file>
      <input_file id="fl-56">
         <path>D:\ti\ccstheia151\ccs\tools\compiler\ti-cgt-msp430_21.6.1.LTS\lib\</path>
         <kind>archive</kind>
         <file>rts430x_lc_sd_eabi.lib</file>
         <name>memcpy.c.obj</name>
      </input_file>
      <input_file id="fl-57">
         <path>D:\ti\ccstheia151\ccs\tools\compiler\ti-cgt-msp430_21.6.1.LTS\lib\</path>
         <kind>archive</kind>
         <file>rts430x_lc_sd_eabi.lib</file>
         <name>strlen.c.obj</name>
      </input_file>
      <input_file id="fl-58">
         <path>D:\ti\ccstheia151\ccs\tools\compiler\ti-cgt-msp430_21.6.1.LTS\lib\</path>
         <kind>archive</kind>
         <file>rts430x_lc_sd_eabi.lib</file>
         <name>cpy_util.asm.obj</name>
      </input_file>
      <input_file id="fl-59">
         <path>D:\ti\ccstheia151\ccs\tools\compiler\ti-cgt-msp430_21.6.1.LTS\lib\</path>
         <kind>archive</kind>
         <file>rts430x_lc_sd_eabi.lib</file>
         <name>exit_gvars.c.obj</name>
      </input_file>
   </input_file_list>
   <object_component_list>
      <object_component id="oc-6b5">
         <name>.cinit..data.load</name>
         <load_address>0xc400</load_address>
         <run_address>0xc400</run_address>
         <size>0x43</size>
      </object_component>
      <object_component id="oc-6b3">
         <name>__TI_handler_table</name>
         <load_address>0xc444</load_address>
         <run_address>0xc444</run_address>
         <size>0x8</size>
      </object_component>
      <object_component id="oc-6b4">
         <name>__TI_cinit_table</name>
         <load_address>0xc44c</load_address>
         <run_address>0xc44c</run_address>
         <size>0x8</size>
      </object_component>
      <object_component id="oc-64b">
         <name>.binit</name>
         <load_address>0xc454</load_address>
         <run_address>0xc454</run_address>
         <size>0x0</size>
      </object_component>
      <object_component id="oc-443">
         <name>.const:alphabetBig</name>
         <load_address>0xc454</load_address>
         <run_address>0xc454</run_address>
         <size>0x34</size>
         <input_file_ref idref="fl-4"/>
      </object_component>
      <object_component id="oc-3da">
         <name>.const:.string</name>
         <load_address>0xc488</load_address>
         <run_address>0xc488</run_address>
         <size>0x2a</size>
         <input_file_ref idref="fl-5"/>
      </object_component>
      <object_component id="oc-562">
         <name>.const:GPIO_PORT_TO_BASE</name>
         <load_address>0xc4b2</load_address>
         <run_address>0xc4b2</run_address>
         <size>0x1c</size>
         <input_file_ref idref="fl-11"/>
      </object_component>
      <object_component id="oc-446">
         <name>.const:digit</name>
         <load_address>0xc4ce</load_address>
         <run_address>0xc4ce</run_address>
         <size>0x14</size>
         <input_file_ref idref="fl-4"/>
      </object_component>
      <object_component id="oc-575">
         <name>.const:.string</name>
         <load_address>0xc4e2</load_address>
         <run_address>0xc4e2</run_address>
         <size>0x10</size>
         <input_file_ref idref="fl-2"/>
      </object_component>
      <object_component id="oc-573">
         <name>.const:.string</name>
         <load_address>0xc4f2</load_address>
         <run_address>0xc4f2</run_address>
         <size>0x10</size>
         <input_file_ref idref="fl-3"/>
      </object_component>
      <object_component id="oc-523">
         <name>.const:LCD_E_INIT_PARAM</name>
         <load_address>0xc502</load_address>
         <run_address>0xc502</run_address>
         <size>0xa</size>
         <input_file_ref idref="fl-12"/>
      </object_component>
      <object_component id="oc-56c">
         <name>.const:.string:$P$T0$1</name>
         <load_address>0xc50c</load_address>
         <run_address>0xc50c</run_address>
         <size>0x6</size>
         <input_file_ref idref="fl-4"/>
      </object_component>
      <object_component id="oc-38c">
         <name>.text:displayTime</name>
         <load_address>0xc512</load_address>
         <run_address>0xc512</run_address>
         <size>0x1a8</size>
         <input_file_ref idref="fl-2"/>
      </object_component>
      <object_component id="oc-3b6">
         <name>.text:tempSensor</name>
         <load_address>0xc6ba</load_address>
         <run_address>0xc6ba</run_address>
         <size>0x194</size>
         <input_file_ref idref="fl-3"/>
      </object_component>
      <object_component id="oc-34e">
         <name>.text:main</name>
         <load_address>0xc84e</load_address>
         <run_address>0xc84e</run_address>
         <size>0x184</size>
         <input_file_ref idref="fl-5"/>
      </object_component>
      <object_component id="oc-3b0">
         <name>.text:Init_GPIO</name>
         <load_address>0xc9d2</load_address>
         <run_address>0xc9d2</run_address>
         <size>0x116</size>
         <input_file_ref idref="fl-5"/>
      </object_component>
      <object_component id="oc-64">
         <name>.text:decompress:lzss:__TI_decompress_lzss</name>
         <load_address>0xcae8</load_address>
         <run_address>0xcae8</run_address>
         <size>0xee</size>
         <input_file_ref idref="fl-52"/>
      </object_component>
      <object_component id="oc-3db">
         <name>.text:displayScrollText</name>
         <load_address>0xcbd6</load_address>
         <run_address>0xcbd6</run_address>
         <size>0xe4</size>
         <input_file_ref idref="fl-4"/>
      </object_component>
      <object_component id="oc-306">
         <name>.text:displayTemp</name>
         <load_address>0xccba</load_address>
         <run_address>0xccba</run_address>
         <size>0xe0</size>
         <input_file_ref idref="fl-3"/>
      </object_component>
      <object_component id="oc-2b3">
         <name>.text:_isr:TIMER0_A0_ISR</name>
         <load_address>0xcd9a</load_address>
         <run_address>0xcd9a</run_address>
         <size>0xce</size>
         <input_file_ref idref="fl-5"/>
      </object_component>
      <object_component id="oc-29b">
         <name>.text:_isr:PORT2_ISR</name>
         <load_address>0xce68</load_address>
         <run_address>0xce68</run_address>
         <size>0xcc</size>
         <input_file_ref idref="fl-5"/>
      </object_component>
      <object_component id="oc-3ce">
         <name>.text:Init_LCD</name>
         <load_address>0xcf34</load_address>
         <run_address>0xcf34</run_address>
         <size>0xca</size>
         <input_file_ref idref="fl-4"/>
      </object_component>
      <object_component id="oc-550">
         <name>.text:LCD_E_setPinAsCOM</name>
         <load_address>0xcffe</load_address>
         <run_address>0xcffe</run_address>
         <size>0x9e</size>
         <input_file_ref idref="fl-12"/>
      </object_component>
      <object_component id="oc-50e">
         <name>.text:Inc_RTC</name>
         <load_address>0xd09c</load_address>
         <run_address>0xd09c</run_address>
         <size>0x90</size>
         <input_file_ref idref="fl-2"/>
      </object_component>
      <object_component id="oc-51d">
         <name>.text:LCD_E_setPinAsLCDFunctionEx</name>
         <load_address>0xd12c</load_address>
         <run_address>0xd12c</run_address>
         <size>0x80</size>
         <input_file_ref idref="fl-12"/>
      </object_component>
      <object_component id="oc-3f3">
         <name>.text:stopWatchModeInit</name>
         <load_address>0xd1ac</load_address>
         <run_address>0xd1ac</run_address>
         <size>0x80</size>
         <input_file_ref idref="fl-2"/>
      </object_component>
      <object_component id="oc-37b">
         <name>.text:showChar</name>
         <load_address>0xd22c</load_address>
         <run_address>0xd22c</run_address>
         <size>0x7a</size>
         <input_file_ref idref="fl-4"/>
      </object_component>
      <object_component id="oc-2ad">
         <name>.text:_isr:RTC_ISR</name>
         <load_address>0xd2a6</load_address>
         <run_address>0xd2a6</run_address>
         <size>0x76</size>
         <input_file_ref idref="fl-5"/>
      </object_component>
      <object_component id="oc-2a1">
         <name>.text:_isr:PORT1_ISR</name>
         <load_address>0xd31c</load_address>
         <run_address>0xd31c</run_address>
         <size>0x74</size>
         <input_file_ref idref="fl-5"/>
      </object_component>
      <object_component id="oc-41e">
         <name>.text:__TI_auto_init_nobinit_nopinit_hold_wdt:__TI_auto_init_nobinit_nopinit_hold_wdt</name>
         <load_address>0xd390</load_address>
         <run_address>0xd390</run_address>
         <size>0x6a</size>
         <input_file_ref idref="fl-4b"/>
      </object_component>
      <object_component id="oc-315">
         <name>.text:Timer_A_initUpMode</name>
         <load_address>0xd3fa</load_address>
         <run_address>0xd3fa</run_address>
         <size>0x5c</size>
         <input_file_ref idref="fl-1a"/>
      </object_component>
      <object_component id="oc-5cb">
         <name>.text</name>
         <load_address>0xd456</load_address>
         <run_address>0xd456</run_address>
         <size>0x58</size>
         <input_file_ref idref="fl-3b"/>
      </object_component>
      <object_component id="oc-3bc">
         <name>.text:stopWatch</name>
         <load_address>0xd4ae</load_address>
         <run_address>0xd4ae</run_address>
         <size>0x4e</size>
         <input_file_ref idref="fl-2"/>
      </object_component>
      <object_component id="oc-28a">
         <name>.text:__memcpy_far</name>
         <load_address>0xd4fc</load_address>
         <run_address>0xd4fc</run_address>
         <size>0x40</size>
         <input_file_ref idref="fl-58"/>
      </object_component>
      <object_component id="oc-4d2">
         <name>.text</name>
         <load_address>0xd53c</load_address>
         <run_address>0xd53c</run_address>
         <size>0x40</size>
         <input_file_ref idref="fl-3a"/>
      </object_component>
      <object_component id="oc-375">
         <name>.text:clearLCD</name>
         <load_address>0xd57c</load_address>
         <run_address>0xd57c</run_address>
         <size>0x3e</size>
         <input_file_ref idref="fl-4"/>
      </object_component>
      <object_component id="oc-6a">
         <name>.text:decompress:none:__TI_decompress_none</name>
         <load_address>0xd5ba</load_address>
         <run_address>0xd5ba</run_address>
         <size>0x3c</size>
         <input_file_ref idref="fl-51"/>
      </object_component>
      <object_component id="oc-48c">
         <name>.text:ADC_init</name>
         <load_address>0xd5f6</load_address>
         <run_address>0xd5f6</run_address>
         <size>0x34</size>
         <input_file_ref idref="fl-8"/>
      </object_component>
      <object_component id="oc-47f">
         <name>.text:GPIO_setAsPeripheralModuleFunctionInputPin</name>
         <load_address>0xd62a</load_address>
         <run_address>0xd62a</run_address>
         <size>0x34</size>
         <input_file_ref idref="fl-11"/>
      </object_component>
      <object_component id="oc-498">
         <name>.text:ADC_configureMemory</name>
         <load_address>0xd65e</load_address>
         <run_address>0xd65e</run_address>
         <size>0x30</size>
         <input_file_ref idref="fl-8"/>
      </object_component>
      <object_component id="oc-515">
         <name>.text:CS_turnOnXT1LF</name>
         <load_address>0xd68e</load_address>
         <run_address>0xd68e</run_address>
         <size>0x30</size>
         <input_file_ref idref="fl-a"/>
      </object_component>
      <object_component id="oc-4bc">
         <name>.text:Timer_A_initCompareMode</name>
         <load_address>0xd6be</load_address>
         <run_address>0xd6be</run_address>
         <size>0x2e</size>
         <input_file_ref idref="fl-1a"/>
      </object_component>
      <object_component id="oc-30c">
         <name>.text:resetStopWatch</name>
         <load_address>0xd6ec</load_address>
         <run_address>0xd6ec</run_address>
         <size>0x2e</size>
         <input_file_ref idref="fl-2"/>
      </object_component>
      <object_component id="oc-381">
         <name>.text</name>
         <load_address>0xd71a</load_address>
         <run_address>0xd71a</run_address>
         <size>0x2c</size>
         <input_file_ref idref="fl-38"/>
      </object_component>
      <object_component id="oc-4dd">
         <name>.text:writeTemperatureToFRAM_celsius</name>
         <load_address>0xd746</load_address>
         <run_address>0xd746</run_address>
         <size>0x2a</size>
         <input_file_ref idref="fl-7"/>
      </object_component>
      <object_component id="oc-52c">
         <name>.text:LCD_E_init</name>
         <load_address>0xd770</load_address>
         <run_address>0xd770</run_address>
         <size>0x28</size>
         <input_file_ref idref="fl-12"/>
      </object_component>
      <object_component id="oc-4c8">
         <name>.text</name>
         <load_address>0xd798</load_address>
         <run_address>0xd798</run_address>
         <size>0x26</size>
         <input_file_ref idref="fl-49"/>
      </object_component>
      <object_component id="oc-3ed">
         <name>.text:tempSensorModeInit</name>
         <load_address>0xd7be</load_address>
         <run_address>0xd7be</run_address>
         <size>0x26</size>
         <input_file_ref idref="fl-3"/>
      </object_component>
      <object_component id="oc-473">
         <name>.text:GPIO_setAsInputPinWithPullUpResistor</name>
         <load_address>0xd7e4</load_address>
         <run_address>0xd7e4</run_address>
         <size>0x22</size>
         <input_file_ref idref="fl-11"/>
      </object_component>
      <object_component id="oc-4ef">
         <name>.text:ADC_disableConversions</name>
         <load_address>0xd806</load_address>
         <run_address>0xd806</run_address>
         <size>0x20</size>
         <input_file_ref idref="fl-8"/>
      </object_component>
      <object_component id="oc-46d">
         <name>.text:GPIO_selectInterruptEdge</name>
         <load_address>0xd826</load_address>
         <run_address>0xd826</run_address>
         <size>0x20</size>
         <input_file_ref idref="fl-11"/>
      </object_component>
      <object_component id="oc-5e2">
         <name>.text:setLCDFunction</name>
         <load_address>0xd846</load_address>
         <run_address>0xd846</run_address>
         <size>0x20</size>
         <input_file_ref idref="fl-12"/>
      </object_component>
      <object_component id="oc-467">
         <name>.text:GPIO_setAsInputPin</name>
         <load_address>0xd866</load_address>
         <run_address>0xd866</run_address>
         <size>0x1e</size>
         <input_file_ref idref="fl-11"/>
      </object_component>
      <object_component id="oc-2a7">
         <name>.text:_isr:ADC_ISR</name>
         <load_address>0xd884</load_address>
         <run_address>0xd884</run_address>
         <size>0x1e</size>
         <input_file_ref idref="fl-5"/>
      </object_component>
      <object_component id="oc-2cb">
         <name>.text:_isr:_c_int00_noargs</name>
         <load_address>0xd8a2</load_address>
         <run_address>0xd8a2</run_address>
         <size>0x1c</size>
         <input_file_ref idref="fl-4a"/>
      </object_component>
      <object_component id="oc-461">
         <name>.text:GPIO_setAsOutputPin</name>
         <load_address>0xd8be</load_address>
         <run_address>0xd8be</run_address>
         <size>0x1a</size>
         <input_file_ref idref="fl-11"/>
      </object_component>
      <object_component id="oc-3c8">
         <name>.text:Init_RTC</name>
         <load_address>0xd8d8</load_address>
         <run_address>0xd8d8</run_address>
         <size>0x18</size>
         <input_file_ref idref="fl-5"/>
      </object_component>
      <object_component id="oc-4d7">
         <name>.text:readTemperatureFromFRAM</name>
         <load_address>0xd8f0</load_address>
         <run_address>0xd8f0</run_address>
         <size>0x18</size>
         <input_file_ref idref="fl-7"/>
      </object_component>
      <object_component id="oc-3d4">
         <name>.text:GPIO_clearInterrupt</name>
         <load_address>0xd908</load_address>
         <run_address>0xd908</run_address>
         <size>0x16</size>
         <input_file_ref idref="fl-11"/>
      </object_component>
      <object_component id="oc-479">
         <name>.text:GPIO_enableInterrupt</name>
         <load_address>0xd91e</load_address>
         <run_address>0xd91e</run_address>
         <size>0x16</size>
         <input_file_ref idref="fl-11"/>
      </object_component>
      <object_component id="oc-45b">
         <name>.text:GPIO_setOutputLowOnPin</name>
         <load_address>0xd934</load_address>
         <run_address>0xd934</run_address>
         <size>0x16</size>
         <input_file_ref idref="fl-11"/>
      </object_component>
      <object_component id="oc-3aa">
         <name>.text:WDT_A_hold</name>
         <load_address>0xd94a</load_address>
         <run_address>0xd94a</run_address>
         <size>0x16</size>
         <input_file_ref idref="fl-1d"/>
      </object_component>
      <object_component id="oc-44a">
         <name>.text</name>
         <load_address>0xd960</load_address>
         <run_address>0xd960</run_address>
         <size>0x16</size>
         <input_file_ref idref="fl-39"/>
      </object_component>
      <object_component id="oc-4cd">
         <name>.text</name>
         <load_address>0xd976</load_address>
         <run_address>0xd976</run_address>
         <size>0x14</size>
         <input_file_ref idref="fl-48"/>
      </object_component>
      <object_component id="oc-4a4">
         <name>.text:ADC_startConversion</name>
         <load_address>0xd98a</load_address>
         <run_address>0xd98a</run_address>
         <size>0x12</size>
         <input_file_ref idref="fl-8"/>
      </object_component>
      <object_component id="oc-532">
         <name>.text:LCD_E_setVLCDSource</name>
         <load_address>0xd99c</load_address>
         <run_address>0xd99c</run_address>
         <size>0x12</size>
         <input_file_ref idref="fl-12"/>
      </object_component>
      <object_component id="oc-507">
         <name>.text:PMM_turnOffRegulator</name>
         <load_address>0xd9ae</load_address>
         <run_address>0xd9ae</run_address>
         <size>0x12</size>
         <input_file_ref idref="fl-14"/>
      </object_component>
      <object_component id="oc-322">
         <name>.text:RTC_start</name>
         <load_address>0xd9c0</load_address>
         <run_address>0xd9c0</run_address>
         <size>0x12</size>
         <input_file_ref idref="fl-15"/>
      </object_component>
      <object_component id="oc-4e3">
         <name>.text:checkTemperatureAndTriggerLED_C</name>
         <load_address>0xd9d2</load_address>
         <run_address>0xd9d2</run_address>
         <size>0x12</size>
         <input_file_ref idref="fl-6"/>
      </object_component>
      <object_component id="oc-4e9">
         <name>.text:checkTemperatureAndTriggerLED_F</name>
         <load_address>0xd9e4</load_address>
         <run_address>0xd9e4</run_address>
         <size>0x12</size>
         <input_file_ref idref="fl-6"/>
      </object_component>
      <object_component id="oc-526">
         <name>.text:memcpy</name>
         <load_address>0xd9f6</load_address>
         <run_address>0xd9f6</run_address>
         <size>0x12</size>
         <input_file_ref idref="fl-56"/>
      </object_component>
      <object_component id="oc-4fb">
         <name>.text:PMM_disableInternalReference</name>
         <load_address>0xda08</load_address>
         <run_address>0xda08</run_address>
         <size>0x10</size>
         <input_file_ref idref="fl-14"/>
      </object_component>
      <object_component id="oc-501">
         <name>.text:PMM_disableTempSensor</name>
         <load_address>0xda18</load_address>
         <run_address>0xda18</run_address>
         <size>0x10</size>
         <input_file_ref idref="fl-14"/>
      </object_component>
      <object_component id="oc-4aa">
         <name>.text:PMM_enableInternalReference</name>
         <load_address>0xda28</load_address>
         <run_address>0xda28</run_address>
         <size>0x10</size>
         <input_file_ref idref="fl-14"/>
      </object_component>
      <object_component id="oc-4b0">
         <name>.text:PMM_enableTempSensor</name>
         <load_address>0xda38</load_address>
         <run_address>0xda38</run_address>
         <size>0x10</size>
         <input_file_ref idref="fl-14"/>
      </object_component>
      <object_component id="oc-566">
         <name>.text:strlen</name>
         <load_address>0xda48</load_address>
         <run_address>0xda48</run_address>
         <size>0xe</size>
         <input_file_ref idref="fl-57"/>
      </object_component>
      <object_component id="oc-556">
         <name>.text:LCD_E_on</name>
         <load_address>0xda56</load_address>
         <run_address>0xda56</run_address>
         <size>0xc</size>
         <input_file_ref idref="fl-12"/>
      </object_component>
      <object_component id="oc-544">
         <name>.text:LCD_E_setChargePumpFreq</name>
         <load_address>0xda62</load_address>
         <run_address>0xda62</run_address>
         <size>0xc</size>
         <input_file_ref idref="fl-12"/>
      </object_component>
      <object_component id="oc-538">
         <name>.text:LCD_E_setVLCDVoltage</name>
         <load_address>0xda6e</load_address>
         <run_address>0xda6e</run_address>
         <size>0xc</size>
         <input_file_ref idref="fl-12"/>
      </object_component>
      <object_component id="oc-3c2">
         <name>.text:Init_Clock</name>
         <load_address>0xda7a</load_address>
         <run_address>0xda7a</run_address>
         <size>0xa</size>
         <input_file_ref idref="fl-5"/>
      </object_component>
      <object_component id="oc-3e1">
         <name>.text:LCD_E_selectDisplayMemory</name>
         <load_address>0xda84</load_address>
         <run_address>0xda84</run_address>
         <size>0xa</size>
         <input_file_ref idref="fl-12"/>
      </object_component>
      <object_component id="oc-3e7">
         <name>.text:RTC_enableInterrupt</name>
         <load_address>0xda8e</load_address>
         <run_address>0xda8e</run_address>
         <size>0xa</size>
         <input_file_ref idref="fl-15"/>
      </object_component>
      <object_component id="oc-5b9">
         <name>.text</name>
         <load_address>0xda98</load_address>
         <run_address>0xda98</run_address>
         <size>0xa</size>
         <input_file_ref idref="fl-46"/>
      </object_component>
      <object_component id="oc-5dd">
         <name>.text</name>
         <load_address>0xdaa2</load_address>
         <run_address>0xdaa2</run_address>
         <size>0xa</size>
         <input_file_ref idref="fl-47"/>
      </object_component>
      <object_component id="oc-329">
         <name>.text:ADC_clearInterrupt</name>
         <load_address>0xdaac</load_address>
         <run_address>0xdaac</run_address>
         <size>0x8</size>
         <input_file_ref idref="fl-8"/>
      </object_component>
      <object_component id="oc-4f5">
         <name>.text:ADC_disable</name>
         <load_address>0xdab4</load_address>
         <run_address>0xdab4</run_address>
         <size>0x8</size>
         <input_file_ref idref="fl-8"/>
      </object_component>
      <object_component id="oc-492">
         <name>.text:ADC_enable</name>
         <load_address>0xdabc</load_address>
         <run_address>0xdabc</run_address>
         <size>0x8</size>
         <input_file_ref idref="fl-8"/>
      </object_component>
      <object_component id="oc-49e">
         <name>.text:ADC_enableInterrupt</name>
         <load_address>0xdac4</load_address>
         <run_address>0xdac4</run_address>
         <size>0x8</size>
         <input_file_ref idref="fl-8"/>
      </object_component>
      <object_component id="oc-53e">
         <name>.text:LCD_E_enableChargePump</name>
         <load_address>0xdacc</load_address>
         <run_address>0xdacc</run_address>
         <size>0x8</size>
         <input_file_ref idref="fl-12"/>
      </object_component>
      <object_component id="oc-31c">
         <name>.text:RTC_stop</name>
         <load_address>0xdad4</load_address>
         <run_address>0xdad4</run_address>
         <size>0x8</size>
         <input_file_ref idref="fl-15"/>
      </object_component>
      <object_component id="oc-33a">
         <name>.text:Timer_A_stop</name>
         <load_address>0xdadc</load_address>
         <run_address>0xdadc</run_address>
         <size>0x8</size>
         <input_file_ref idref="fl-1a"/>
      </object_component>
      <object_component id="oc-296">
         <name>.text:_isr:__TI_ISR_TRAP</name>
         <load_address>0xdae4</load_address>
         <run_address>0xdae4</run_address>
         <size>0x8</size>
         <input_file_ref idref="fl-45"/>
      </object_component>
      <object_component id="oc-54a">
         <name>.text:LCD_E_clearAllMemory</name>
         <load_address>0xdaec</load_address>
         <run_address>0xdaec</run_address>
         <size>0x6</size>
         <input_file_ref idref="fl-12"/>
      </object_component>
      <object_component id="oc-485">
         <name>.text:PMM_unlockLPM5</name>
         <load_address>0xdaf2</load_address>
         <run_address>0xdaf2</run_address>
         <size>0x6</size>
         <input_file_ref idref="fl-14"/>
      </object_component>
      <object_component id="oc-333">
         <name>.text:RTC_setModulo</name>
         <load_address>0xdaf8</load_address>
         <run_address>0xdaf8</run_address>
         <size>0x6</size>
         <input_file_ref idref="fl-15"/>
      </object_component>
      <object_component id="oc-4c2">
         <name>.text:Timer_A_startCounter</name>
         <load_address>0xdafe</load_address>
         <run_address>0xdafe</run_address>
         <size>0x6</size>
         <input_file_ref idref="fl-1a"/>
      </object_component>
      <object_component id="oc-3fa">
         <name>.text:abort</name>
         <load_address>0xdb04</load_address>
         <run_address>0xdb04</run_address>
         <size>0x6</size>
         <input_file_ref idref="fl-53"/>
      </object_component>
      <object_component id="oc-348">
         <name>.text:_system_pre_init</name>
         <load_address>0xdb0a</load_address>
         <run_address>0xdb0a</run_address>
         <size>0x4</size>
         <input_file_ref idref="fl-4f"/>
      </object_component>
      <object_component id="oc-589">
         <name>.text:_system_post_cinit</name>
         <load_address>0xdb0e</load_address>
         <run_address>0xdb0e</run_address>
         <size>0x2</size>
         <input_file_ref idref="fl-50"/>
      </object_component>
      <object_component id="oc-330">
         <name>.data</name>
         <load_address>0x2028</load_address>
         <run_address>0x2028</run_address>
         <size>0xa</size>
         <input_file_ref idref="fl-2"/>
      </object_component>
      <object_component id="oc-303">
         <name>.data</name>
         <load_address>0x203a</load_address>
         <run_address>0x203a</run_address>
         <size>0x6</size>
         <input_file_ref idref="fl-3"/>
      </object_component>
      <object_component id="oc-4b6">
         <name>.data:initUpParam_A1</name>
         <load_address>0x200e</load_address>
         <run_address>0x200e</run_address>
         <size>0xe</size>
         <input_file_ref idref="fl-3"/>
      </object_component>
      <object_component id="oc-4b9">
         <name>.data:initCompParam</name>
         <load_address>0x2032</load_address>
         <run_address>0x2032</run_address>
         <size>0x8</size>
         <input_file_ref idref="fl-3"/>
      </object_component>
      <object_component id="oc-300">
         <name>.data</name>
         <load_address>0x201c</load_address>
         <run_address>0x201c</run_address>
         <size>0xc</size>
         <input_file_ref idref="fl-5"/>
      </object_component>
      <object_component id="oc-312">
         <name>.data:initUpParam_A0</name>
         <load_address>0x2000</load_address>
         <run_address>0x2000</run_address>
         <size>0xe</size>
         <input_file_ref idref="fl-5"/>
      </object_component>
      <object_component id="oc-27b">
         <name>.stack</name>
         <uninitialized>true</uninitialized>
         <run_address>0x2760</run_address>
         <size>0x2</size>
         <input_file_ref idref="fl-4a"/>
      </object_component>
      <object_component id="oc-6b6">
         <name>.stack</name>
         <uninitialized>true</uninitialized>
         <run_address>0x2760</run_address>
         <size>0x0</size>
      </object_component>
      <object_component id="oc-70">
         <name>.int45</name>
         <load_address>0xffe2</load_address>
         <run_address>0xffe2</run_address>
         <size>0x2</size>
         <input_file_ref idref="fl-3c"/>
      </object_component>
      <object_component id="oc-71">
         <name>.int46</name>
         <load_address>0xffe4</load_address>
         <run_address>0xffe4</run_address>
         <size>0x2</size>
         <input_file_ref idref="fl-5"/>
      </object_component>
      <object_component id="oc-72">
         <name>.int47</name>
         <load_address>0xffe6</load_address>
         <run_address>0xffe6</run_address>
         <size>0x2</size>
         <input_file_ref idref="fl-5"/>
      </object_component>
      <object_component id="oc-73">
         <name>.int48</name>
         <load_address>0xffe8</load_address>
         <run_address>0xffe8</run_address>
         <size>0x2</size>
         <input_file_ref idref="fl-5"/>
      </object_component>
      <object_component id="oc-74">
         <name>.int49</name>
         <load_address>0xffea</load_address>
         <run_address>0xffea</run_address>
         <size>0x2</size>
         <input_file_ref idref="fl-3d"/>
      </object_component>
      <object_component id="oc-75">
         <name>.int50</name>
         <load_address>0xffec</load_address>
         <run_address>0xffec</run_address>
         <size>0x2</size>
         <input_file_ref idref="fl-3e"/>
      </object_component>
      <object_component id="oc-76">
         <name>.int51</name>
         <load_address>0xffee</load_address>
         <run_address>0xffee</run_address>
         <size>0x2</size>
         <input_file_ref idref="fl-3f"/>
      </object_component>
      <object_component id="oc-77">
         <name>.int52</name>
         <load_address>0xfff0</load_address>
         <run_address>0xfff0</run_address>
         <size>0x2</size>
         <input_file_ref idref="fl-5"/>
      </object_component>
      <object_component id="oc-78">
         <name>.int53</name>
         <load_address>0xfff2</load_address>
         <run_address>0xfff2</run_address>
         <size>0x2</size>
         <input_file_ref idref="fl-40"/>
      </object_component>
      <object_component id="oc-79">
         <name>.int54</name>
         <load_address>0xfff4</load_address>
         <run_address>0xfff4</run_address>
         <size>0x2</size>
         <input_file_ref idref="fl-41"/>
      </object_component>
      <object_component id="oc-7a">
         <name>.int55</name>
         <load_address>0xfff6</load_address>
         <run_address>0xfff6</run_address>
         <size>0x2</size>
         <input_file_ref idref="fl-42"/>
      </object_component>
      <object_component id="oc-7b">
         <name>.int56</name>
         <load_address>0xfff8</load_address>
         <run_address>0xfff8</run_address>
         <size>0x2</size>
         <input_file_ref idref="fl-5"/>
      </object_component>
      <object_component id="oc-7c">
         <name>.int57</name>
         <load_address>0xfffa</load_address>
         <run_address>0xfffa</run_address>
         <size>0x2</size>
         <input_file_ref idref="fl-43"/>
      </object_component>
      <object_component id="oc-7d">
         <name>.int58</name>
         <load_address>0xfffc</load_address>
         <run_address>0xfffc</run_address>
         <size>0x2</size>
         <input_file_ref idref="fl-44"/>
      </object_component>
      <object_component id="oc-27e">
         <name>.reset</name>
         <load_address>0xfffe</load_address>
         <run_address>0xfffe</run_address>
         <size>0x2</size>
         <input_file_ref idref="fl-4a"/>
      </object_component>
      <object_component id="oc-3a6">
         <name>.debug_info</name>
         <load_address>0x0</load_address>
         <run_address>0x0</run_address>
         <size>0x590</size>
         <input_file_ref idref="fl-2"/>
      </object_component>
      <object_component id="oc-331">
         <name>.debug_info</name>
         <load_address>0x590</load_address>
         <run_address>0x590</run_address>
         <size>0x161</size>
         <input_file_ref idref="fl-2"/>
      </object_component>
      <object_component id="oc-38d">
         <name>.debug_info</name>
         <load_address>0x6f1</load_address>
         <run_address>0x6f1</run_address>
         <size>0x2cb</size>
         <input_file_ref idref="fl-2"/>
      </object_component>
      <object_component id="oc-30d">
         <name>.debug_info</name>
         <load_address>0x9bc</load_address>
         <run_address>0x9bc</run_address>
         <size>0x13f</size>
         <input_file_ref idref="fl-2"/>
      </object_component>
      <object_component id="oc-3f4">
         <name>.debug_info</name>
         <load_address>0xafb</load_address>
         <run_address>0xafb</run_address>
         <size>0x238</size>
         <input_file_ref idref="fl-2"/>
      </object_component>
      <object_component id="oc-50f">
         <name>.debug_info</name>
         <load_address>0xd33</load_address>
         <run_address>0xd33</run_address>
         <size>0x181</size>
         <input_file_ref idref="fl-2"/>
      </object_component>
      <object_component id="oc-3bd">
         <name>.debug_info</name>
         <load_address>0xeb4</load_address>
         <run_address>0xeb4</run_address>
         <size>0x14c</size>
         <input_file_ref idref="fl-2"/>
      </object_component>
      <object_component id="oc-43b">
         <name>.debug_info</name>
         <load_address>0x1000</load_address>
         <run_address>0x1000</run_address>
         <size>0x26b</size>
         <input_file_ref idref="fl-2"/>
      </object_component>
      <object_component id="oc-55d">
         <name>.debug_info</name>
         <load_address>0x126b</load_address>
         <run_address>0x126b</run_address>
         <size>0x9e</size>
         <input_file_ref idref="fl-2"/>
      </object_component>
      <object_component id="oc-395">
         <name>.debug_info</name>
         <load_address>0x1309</load_address>
         <run_address>0x1309</run_address>
         <size>0x392</size>
         <input_file_ref idref="fl-2"/>
      </object_component>
      <object_component id="oc-387">
         <name>.debug_info</name>
         <load_address>0x169b</load_address>
         <run_address>0x169b</run_address>
         <size>0x8b</size>
         <input_file_ref idref="fl-2"/>
      </object_component>
      <object_component id="oc-451">
         <name>.debug_info</name>
         <load_address>0x1726</load_address>
         <run_address>0x1726</run_address>
         <size>0x282</size>
         <input_file_ref idref="fl-2"/>
      </object_component>
      <object_component id="oc-39b">
         <name>.debug_info</name>
         <load_address>0x19a8</load_address>
         <run_address>0x19a8</run_address>
         <size>0xbb</size>
         <input_file_ref idref="fl-2"/>
      </object_component>
      <object_component id="oc-374">
         <name>.debug_info</name>
         <load_address>0x1a63</load_address>
         <run_address>0x1a63</run_address>
         <size>0x861</size>
         <input_file_ref idref="fl-3"/>
      </object_component>
      <object_component id="oc-304">
         <name>.debug_info</name>
         <load_address>0x22c4</load_address>
         <run_address>0x22c4</run_address>
         <size>0x118</size>
         <input_file_ref idref="fl-3"/>
      </object_component>
      <object_component id="oc-4b7">
         <name>.debug_info</name>
         <load_address>0x23dc</load_address>
         <run_address>0x23dc</run_address>
         <size>0xf2</size>
         <input_file_ref idref="fl-3"/>
      </object_component>
      <object_component id="oc-4ba">
         <name>.debug_info</name>
         <load_address>0x24ce</load_address>
         <run_address>0x24ce</run_address>
         <size>0xf0</size>
         <input_file_ref idref="fl-3"/>
      </object_component>
      <object_component id="oc-3ee">
         <name>.debug_info</name>
         <load_address>0x25be</load_address>
         <run_address>0x25be</run_address>
         <size>0x178</size>
         <input_file_ref idref="fl-3"/>
      </object_component>
      <object_component id="oc-307">
         <name>.debug_info</name>
         <load_address>0x2736</load_address>
         <run_address>0x2736</run_address>
         <size>0x22e</size>
         <input_file_ref idref="fl-3"/>
      </object_component>
      <object_component id="oc-3b7">
         <name>.debug_info</name>
         <load_address>0x2964</load_address>
         <run_address>0x2964</run_address>
         <size>0x3cc</size>
         <input_file_ref idref="fl-3"/>
      </object_component>
      <object_component id="oc-570">
         <name>.debug_info</name>
         <load_address>0x2d30</load_address>
         <run_address>0x2d30</run_address>
         <size>0x4a8</size>
         <input_file_ref idref="fl-4"/>
      </object_component>
      <object_component id="oc-447">
         <name>.debug_info</name>
         <load_address>0x31d8</load_address>
         <run_address>0x31d8</run_address>
         <size>0xd9</size>
         <input_file_ref idref="fl-4"/>
      </object_component>
      <object_component id="oc-444">
         <name>.debug_info</name>
         <load_address>0x32b1</load_address>
         <run_address>0x32b1</run_address>
         <size>0xe5</size>
         <input_file_ref idref="fl-4"/>
      </object_component>
      <object_component id="oc-56d">
         <name>.debug_info</name>
         <load_address>0x3396</load_address>
         <run_address>0x3396</run_address>
         <size>0xdc</size>
         <input_file_ref idref="fl-4"/>
      </object_component>
      <object_component id="oc-37c">
         <name>.debug_info</name>
         <load_address>0x3472</load_address>
         <run_address>0x3472</run_address>
         <size>0x16b</size>
         <input_file_ref idref="fl-4"/>
      </object_component>
      <object_component id="oc-3de">
         <name>.debug_info</name>
         <load_address>0x35dd</load_address>
         <run_address>0x35dd</run_address>
         <size>0x221</size>
         <input_file_ref idref="fl-4"/>
      </object_component>
      <object_component id="oc-378">
         <name>.debug_info</name>
         <load_address>0x37fe</load_address>
         <run_address>0x37fe</run_address>
         <size>0x10f</size>
         <input_file_ref idref="fl-4"/>
      </object_component>
      <object_component id="oc-3cf">
         <name>.debug_info</name>
         <load_address>0x390d</load_address>
         <run_address>0x390d</run_address>
         <size>0x2a9</size>
         <input_file_ref idref="fl-4"/>
      </object_component>
      <object_component id="oc-5ee">
         <name>.debug_info</name>
         <load_address>0x3bb6</load_address>
         <run_address>0x3bb6</run_address>
         <size>0x2c</size>
         <input_file_ref idref="fl-4"/>
      </object_component>
      <object_component id="oc-604">
         <name>.debug_info</name>
         <load_address>0x3be2</load_address>
         <run_address>0x3be2</run_address>
         <size>0x35</size>
         <input_file_ref idref="fl-4"/>
      </object_component>
      <object_component id="oc-371">
         <name>.debug_info</name>
         <load_address>0x3c17</load_address>
         <run_address>0x3c17</run_address>
         <size>0x9ae</size>
         <input_file_ref idref="fl-5"/>
      </object_component>
      <object_component id="oc-301">
         <name>.debug_info</name>
         <load_address>0x45c5</load_address>
         <run_address>0x45c5</run_address>
         <size>0x1bd</size>
         <input_file_ref idref="fl-5"/>
      </object_component>
      <object_component id="oc-313">
         <name>.debug_info</name>
         <load_address>0x4782</load_address>
         <run_address>0x4782</run_address>
         <size>0xe8</size>
         <input_file_ref idref="fl-5"/>
      </object_component>
      <object_component id="oc-3b1">
         <name>.debug_info</name>
         <load_address>0x486a</load_address>
         <run_address>0x486a</run_address>
         <size>0x41d</size>
         <input_file_ref idref="fl-5"/>
      </object_component>
      <object_component id="oc-3c4">
         <name>.debug_info</name>
         <load_address>0x4c87</load_address>
         <run_address>0x4c87</run_address>
         <size>0x11f</size>
         <input_file_ref idref="fl-5"/>
      </object_component>
      <object_component id="oc-3c9">
         <name>.debug_info</name>
         <load_address>0x4da6</load_address>
         <run_address>0x4da6</run_address>
         <size>0x134</size>
         <input_file_ref idref="fl-5"/>
      </object_component>
      <object_component id="oc-34f">
         <name>.debug_info</name>
         <load_address>0x4eda</load_address>
         <run_address>0x4eda</run_address>
         <size>0x2b9</size>
         <input_file_ref idref="fl-5"/>
      </object_component>
      <object_component id="oc-2b4">
         <name>.debug_info</name>
         <load_address>0x5193</load_address>
         <run_address>0x5193</run_address>
         <size>0x149</size>
         <input_file_ref idref="fl-5"/>
      </object_component>
      <object_component id="oc-2ae">
         <name>.debug_info</name>
         <load_address>0x52dc</load_address>
         <run_address>0x52dc</run_address>
         <size>0x130</size>
         <input_file_ref idref="fl-5"/>
      </object_component>
      <object_component id="oc-29c">
         <name>.debug_info</name>
         <load_address>0x540c</load_address>
         <run_address>0x540c</run_address>
         <size>0x14a</size>
         <input_file_ref idref="fl-5"/>
      </object_component>
      <object_component id="oc-2a2">
         <name>.debug_info</name>
         <load_address>0x5556</load_address>
         <run_address>0x5556</run_address>
         <size>0x141</size>
         <input_file_ref idref="fl-5"/>
      </object_component>
      <object_component id="oc-2a8">
         <name>.debug_info</name>
         <load_address>0x5697</load_address>
         <run_address>0x5697</run_address>
         <size>0x121</size>
         <input_file_ref idref="fl-5"/>
      </object_component>
      <object_component id="oc-4ea">
         <name>.debug_info</name>
         <load_address>0x57b8</load_address>
         <run_address>0x57b8</run_address>
         <size>0x1a3</size>
         <input_file_ref idref="fl-6"/>
      </object_component>
      <object_component id="oc-4e6">
         <name>.debug_info</name>
         <load_address>0x595b</load_address>
         <run_address>0x595b</run_address>
         <size>0x1a3</size>
         <input_file_ref idref="fl-6"/>
      </object_component>
      <object_component id="oc-285">
         <name>.debug_info</name>
         <load_address>0x5afe</load_address>
         <run_address>0x5afe</run_address>
         <size>0x84</size>
         <input_file_ref idref="fl-6"/>
      </object_component>
      <object_component id="oc-5d2">
         <name>.debug_info</name>
         <load_address>0x5b82</load_address>
         <run_address>0x5b82</run_address>
         <size>0x16a</size>
         <input_file_ref idref="fl-7"/>
      </object_component>
      <object_component id="oc-4e0">
         <name>.debug_info</name>
         <load_address>0x5cec</load_address>
         <run_address>0x5cec</run_address>
         <size>0x1b6</size>
         <input_file_ref idref="fl-7"/>
      </object_component>
      <object_component id="oc-4db">
         <name>.debug_info</name>
         <load_address>0x5ea2</load_address>
         <run_address>0x5ea2</run_address>
         <size>0x18b</size>
         <input_file_ref idref="fl-7"/>
      </object_component>
      <object_component id="oc-4a6">
         <name>.debug_info</name>
         <load_address>0x602d</load_address>
         <run_address>0x602d</run_address>
         <size>0x227</size>
         <input_file_ref idref="fl-8"/>
      </object_component>
      <object_component id="oc-48e">
         <name>.debug_info</name>
         <load_address>0x6254</load_address>
         <run_address>0x6254</run_address>
         <size>0x2c1</size>
         <input_file_ref idref="fl-8"/>
      </object_component>
      <object_component id="oc-4a0">
         <name>.debug_info</name>
         <load_address>0x6515</load_address>
         <run_address>0x6515</run_address>
         <size>0x1eb</size>
         <input_file_ref idref="fl-8"/>
      </object_component>
      <object_component id="oc-494">
         <name>.debug_info</name>
         <load_address>0x6700</load_address>
         <run_address>0x6700</run_address>
         <size>0x193</size>
         <input_file_ref idref="fl-8"/>
      </object_component>
      <object_component id="oc-4f0">
         <name>.debug_info</name>
         <load_address>0x6893</load_address>
         <run_address>0x6893</run_address>
         <size>0x1d9</size>
         <input_file_ref idref="fl-8"/>
      </object_component>
      <object_component id="oc-4f7">
         <name>.debug_info</name>
         <load_address>0x6a6c</load_address>
         <run_address>0x6a6c</run_address>
         <size>0x195</size>
         <input_file_ref idref="fl-8"/>
      </object_component>
      <object_component id="oc-49a">
         <name>.debug_info</name>
         <load_address>0x6c01</load_address>
         <run_address>0x6c01</run_address>
         <size>0x323</size>
         <input_file_ref idref="fl-8"/>
      </object_component>
      <object_component id="oc-32a">
         <name>.debug_info</name>
         <load_address>0x6f24</load_address>
         <run_address>0x6f24</run_address>
         <size>0x1f9</size>
         <input_file_ref idref="fl-8"/>
      </object_component>
      <object_component id="oc-516">
         <name>.debug_info</name>
         <load_address>0x711d</load_address>
         <run_address>0x711d</run_address>
         <size>0x176</size>
         <input_file_ref idref="fl-a"/>
      </object_component>
      <object_component id="oc-5fd">
         <name>.debug_info</name>
         <load_address>0x7293</load_address>
         <run_address>0x7293</run_address>
         <size>0x174</size>
         <input_file_ref idref="fl-11"/>
      </object_component>
      <object_component id="oc-563">
         <name>.debug_info</name>
         <load_address>0x7407</load_address>
         <run_address>0x7407</run_address>
         <size>0x107</size>
         <input_file_ref idref="fl-11"/>
      </object_component>
      <object_component id="oc-45c">
         <name>.debug_info</name>
         <load_address>0x750e</load_address>
         <run_address>0x750e</run_address>
         <size>0x216</size>
         <input_file_ref idref="fl-11"/>
      </object_component>
      <object_component id="oc-480">
         <name>.debug_info</name>
         <load_address>0x7724</load_address>
         <run_address>0x7724</run_address>
         <size>0x25e</size>
         <input_file_ref idref="fl-11"/>
      </object_component>
      <object_component id="oc-462">
         <name>.debug_info</name>
         <load_address>0x7982</load_address>
         <run_address>0x7982</run_address>
         <size>0x20d</size>
         <input_file_ref idref="fl-11"/>
      </object_component>
      <object_component id="oc-474">
         <name>.debug_info</name>
         <load_address>0x7b8f</load_address>
         <run_address>0x7b8f</run_address>
         <size>0x232</size>
         <input_file_ref idref="fl-11"/>
      </object_component>
      <object_component id="oc-468">
         <name>.debug_info</name>
         <load_address>0x7dc1</load_address>
         <run_address>0x7dc1</run_address>
         <size>0x20b</size>
         <input_file_ref idref="fl-11"/>
      </object_component>
      <object_component id="oc-46e">
         <name>.debug_info</name>
         <load_address>0x7fcc</load_address>
         <run_address>0x7fcc</run_address>
         <size>0x254</size>
         <input_file_ref idref="fl-11"/>
      </object_component>
      <object_component id="oc-47a">
         <name>.debug_info</name>
         <load_address>0x8220</load_address>
         <run_address>0x8220</run_address>
         <size>0x212</size>
         <input_file_ref idref="fl-11"/>
      </object_component>
      <object_component id="oc-3d5">
         <name>.debug_info</name>
         <load_address>0x8432</load_address>
         <run_address>0x8432</run_address>
         <size>0x210</size>
         <input_file_ref idref="fl-11"/>
      </object_component>
      <object_component id="oc-5eb">
         <name>.debug_info</name>
         <load_address>0x8642</load_address>
         <run_address>0x8642</run_address>
         <size>0x16d</size>
         <input_file_ref idref="fl-12"/>
      </object_component>
      <object_component id="oc-524">
         <name>.debug_info</name>
         <load_address>0x87af</load_address>
         <run_address>0x87af</run_address>
         <size>0x107</size>
         <input_file_ref idref="fl-12"/>
      </object_component>
      <object_component id="oc-53a">
         <name>.debug_info</name>
         <load_address>0x88b6</load_address>
         <run_address>0x88b6</run_address>
         <size>0x1dc</size>
         <input_file_ref idref="fl-12"/>
      </object_component>
      <object_component id="oc-533">
         <name>.debug_info</name>
         <load_address>0x8a92</load_address>
         <run_address>0x8a92</run_address>
         <size>0x1e1</size>
         <input_file_ref idref="fl-12"/>
      </object_component>
      <object_component id="oc-5e3">
         <name>.debug_info</name>
         <load_address>0x8c73</load_address>
         <run_address>0x8c73</run_address>
         <size>0x1ec</size>
         <input_file_ref idref="fl-12"/>
      </object_component>
      <object_component id="oc-51f">
         <name>.debug_info</name>
         <load_address>0x8e5f</load_address>
         <run_address>0x8e5f</run_address>
         <size>0x334</size>
         <input_file_ref idref="fl-12"/>
      </object_component>
      <object_component id="oc-552">
         <name>.debug_info</name>
         <load_address>0x9193</load_address>
         <run_address>0x9193</run_address>
         <size>0x22f</size>
         <input_file_ref idref="fl-12"/>
      </object_component>
      <object_component id="oc-545">
         <name>.debug_info</name>
         <load_address>0x93c2</load_address>
         <run_address>0x93c2</run_address>
         <size>0x1d5</size>
         <input_file_ref idref="fl-12"/>
      </object_component>
      <object_component id="oc-3e2">
         <name>.debug_info</name>
         <load_address>0x9597</load_address>
         <run_address>0x9597</run_address>
         <size>0x1fd</size>
         <input_file_ref idref="fl-12"/>
      </object_component>
      <object_component id="oc-557">
         <name>.debug_info</name>
         <load_address>0x9794</load_address>
         <run_address>0x9794</run_address>
         <size>0x195</size>
         <input_file_ref idref="fl-12"/>
      </object_component>
      <object_component id="oc-52d">
         <name>.debug_info</name>
         <load_address>0x9929</load_address>
         <run_address>0x9929</run_address>
         <size>0x1d3</size>
         <input_file_ref idref="fl-12"/>
      </object_component>
      <object_component id="oc-53f">
         <name>.debug_info</name>
         <load_address>0x9afc</load_address>
         <run_address>0x9afc</run_address>
         <size>0x1b1</size>
         <input_file_ref idref="fl-12"/>
      </object_component>
      <object_component id="oc-54b">
         <name>.debug_info</name>
         <load_address>0x9cad</load_address>
         <run_address>0x9cad</run_address>
         <size>0x1ad</size>
         <input_file_ref idref="fl-12"/>
      </object_component>
      <object_component id="oc-486">
         <name>.debug_info</name>
         <load_address>0x9e5a</load_address>
         <run_address>0x9e5a</run_address>
         <size>0x15d</size>
         <input_file_ref idref="fl-14"/>
      </object_component>
      <object_component id="oc-508">
         <name>.debug_info</name>
         <load_address>0x9fb7</load_address>
         <run_address>0x9fb7</run_address>
         <size>0x169</size>
         <input_file_ref idref="fl-14"/>
      </object_component>
      <object_component id="oc-4b3">
         <name>.debug_info</name>
         <load_address>0xa120</load_address>
         <run_address>0xa120</run_address>
         <size>0x169</size>
         <input_file_ref idref="fl-14"/>
      </object_component>
      <object_component id="oc-4ab">
         <name>.debug_info</name>
         <load_address>0xa289</load_address>
         <run_address>0xa289</run_address>
         <size>0x177</size>
         <input_file_ref idref="fl-14"/>
      </object_component>
      <object_component id="oc-504">
         <name>.debug_info</name>
         <load_address>0xa400</load_address>
         <run_address>0xa400</run_address>
         <size>0x16b</size>
         <input_file_ref idref="fl-14"/>
      </object_component>
      <object_component id="oc-4fc">
         <name>.debug_info</name>
         <load_address>0xa56b</load_address>
         <run_address>0xa56b</run_address>
         <size>0x179</size>
         <input_file_ref idref="fl-14"/>
      </object_component>
      <object_component id="oc-31e">
         <name>.debug_info</name>
         <load_address>0xa6e4</load_address>
         <run_address>0xa6e4</run_address>
         <size>0x18f</size>
         <input_file_ref idref="fl-15"/>
      </object_component>
      <object_component id="oc-323">
         <name>.debug_info</name>
         <load_address>0xa873</load_address>
         <run_address>0xa873</run_address>
         <size>0x1cf</size>
         <input_file_ref idref="fl-15"/>
      </object_component>
      <object_component id="oc-336">
         <name>.debug_info</name>
         <load_address>0xaa42</load_address>
         <run_address>0xaa42</run_address>
         <size>0x1c3</size>
         <input_file_ref idref="fl-15"/>
      </object_component>
      <object_component id="oc-3e9">
         <name>.debug_info</name>
         <load_address>0xac05</load_address>
         <run_address>0xac05</run_address>
         <size>0x1eb</size>
         <input_file_ref idref="fl-15"/>
      </object_component>
      <object_component id="oc-3a0">
         <name>.debug_info</name>
         <load_address>0xadf0</load_address>
         <run_address>0xadf0</run_address>
         <size>0x188</size>
         <input_file_ref idref="fl-1a"/>
      </object_component>
      <object_component id="oc-33b">
         <name>.debug_info</name>
         <load_address>0xaf78</load_address>
         <run_address>0xaf78</run_address>
         <size>0x1a6</size>
         <input_file_ref idref="fl-1a"/>
      </object_component>
      <object_component id="oc-4c3">
         <name>.debug_info</name>
         <load_address>0xb11e</load_address>
         <run_address>0xb11e</run_address>
         <size>0x1e9</size>
         <input_file_ref idref="fl-1a"/>
      </object_component>
      <object_component id="oc-317">
         <name>.debug_info</name>
         <load_address>0xb307</load_address>
         <run_address>0xb307</run_address>
         <size>0x1d5</size>
         <input_file_ref idref="fl-1a"/>
      </object_component>
      <object_component id="oc-4bd">
         <name>.debug_info</name>
         <load_address>0xb4dc</load_address>
         <run_address>0xb4dc</run_address>
         <size>0x1df</size>
         <input_file_ref idref="fl-1a"/>
      </object_component>
      <object_component id="oc-3ac">
         <name>.debug_info</name>
         <load_address>0xb6bb</load_address>
         <run_address>0xb6bb</run_address>
         <size>0x1ba</size>
         <input_file_ref idref="fl-1d"/>
      </object_component>
      <object_component id="oc-382">
         <name>.debug_info</name>
         <load_address>0xb875</load_address>
         <run_address>0xb875</run_address>
         <size>0x135</size>
         <input_file_ref idref="fl-38"/>
      </object_component>
      <object_component id="oc-44b">
         <name>.debug_info</name>
         <load_address>0xb9aa</load_address>
         <run_address>0xb9aa</run_address>
         <size>0x121</size>
         <input_file_ref idref="fl-39"/>
      </object_component>
      <object_component id="oc-4d3">
         <name>.debug_info</name>
         <load_address>0xbacb</load_address>
         <run_address>0xbacb</run_address>
         <size>0x138</size>
         <input_file_ref idref="fl-3a"/>
      </object_component>
      <object_component id="oc-5ce">
         <name>.debug_info</name>
         <load_address>0xbc03</load_address>
         <run_address>0xbc03</run_address>
         <size>0x123</size>
         <input_file_ref idref="fl-3b"/>
      </object_component>
      <object_component id="oc-299">
         <name>.debug_info</name>
         <load_address>0xbd26</load_address>
         <run_address>0xbd26</run_address>
         <size>0x10f</size>
         <input_file_ref idref="fl-45"/>
      </object_component>
      <object_component id="oc-5ba">
         <name>.debug_info</name>
         <load_address>0xbe35</load_address>
         <run_address>0xbe35</run_address>
         <size>0x120</size>
         <input_file_ref idref="fl-46"/>
      </object_component>
      <object_component id="oc-5df">
         <name>.debug_info</name>
         <load_address>0xbf55</load_address>
         <run_address>0xbf55</run_address>
         <size>0x120</size>
         <input_file_ref idref="fl-47"/>
      </object_component>
      <object_component id="oc-4cf">
         <name>.debug_info</name>
         <load_address>0xc075</load_address>
         <run_address>0xc075</run_address>
         <size>0x121</size>
         <input_file_ref idref="fl-48"/>
      </object_component>
      <object_component id="oc-4c9">
         <name>.debug_info</name>
         <load_address>0xc196</load_address>
         <run_address>0xc196</run_address>
         <size>0x121</size>
         <input_file_ref idref="fl-49"/>
      </object_component>
      <object_component id="oc-27c">
         <name>.debug_info</name>
         <load_address>0xc2b7</load_address>
         <run_address>0xc2b7</run_address>
         <size>0x100</size>
         <input_file_ref idref="fl-4a"/>
      </object_component>
      <object_component id="oc-2cc">
         <name>.debug_info</name>
         <load_address>0xc3b7</load_address>
         <run_address>0xc3b7</run_address>
         <size>0x17a</size>
         <input_file_ref idref="fl-4a"/>
      </object_component>
      <object_component id="oc-590">
         <name>.debug_info</name>
         <load_address>0xc531</load_address>
         <run_address>0xc531</run_address>
         <size>0x409</size>
         <input_file_ref idref="fl-4b"/>
      </object_component>
      <object_component id="oc-41f">
         <name>.debug_info</name>
         <load_address>0xc93a</load_address>
         <run_address>0xc93a</run_address>
         <size>0x216</size>
         <input_file_ref idref="fl-4b"/>
      </object_component>
      <object_component id="oc-620">
         <name>.debug_info</name>
         <load_address>0xcb50</load_address>
         <run_address>0xcb50</run_address>
         <size>0x39</size>
         <input_file_ref idref="fl-4b"/>
      </object_component>
      <object_component id="oc-62c">
         <name>.debug_info</name>
         <load_address>0xcb89</load_address>
         <run_address>0xcb89</run_address>
         <size>0x2c</size>
         <input_file_ref idref="fl-4b"/>
      </object_component>
      <object_component id="oc-59b">
         <name>.debug_info</name>
         <load_address>0xcbb5</load_address>
         <run_address>0xcbb5</run_address>
         <size>0x2c</size>
         <input_file_ref idref="fl-4b"/>
      </object_component>
      <object_component id="oc-625">
         <name>.debug_info</name>
         <load_address>0xcbe1</load_address>
         <run_address>0xcbe1</run_address>
         <size>0xcd</size>
         <input_file_ref idref="fl-4b"/>
      </object_component>
      <object_component id="oc-34a">
         <name>.debug_info</name>
         <load_address>0xccae</load_address>
         <run_address>0xccae</run_address>
         <size>0x153</size>
         <input_file_ref idref="fl-4f"/>
      </object_component>
      <object_component id="oc-58d">
         <name>.debug_info</name>
         <load_address>0xce01</load_address>
         <run_address>0xce01</run_address>
         <size>0x150</size>
         <input_file_ref idref="fl-50"/>
      </object_component>
      <object_component id="oc-295">
         <name>.debug_info</name>
         <load_address>0xcf51</load_address>
         <run_address>0xcf51</run_address>
         <size>0x1da</size>
         <input_file_ref idref="fl-51"/>
      </object_component>
      <object_component id="oc-6b">
         <name>.debug_info</name>
         <load_address>0xd12b</load_address>
         <run_address>0xd12b</run_address>
         <size>0x1f2</size>
         <input_file_ref idref="fl-51"/>
      </object_component>
      <object_component id="oc-290">
         <name>.debug_info</name>
         <load_address>0xd31d</load_address>
         <run_address>0xd31d</run_address>
         <size>0x46</size>
         <input_file_ref idref="fl-51"/>
      </object_component>
      <object_component id="oc-67">
         <name>.debug_info</name>
         <load_address>0xd363</load_address>
         <run_address>0xd363</run_address>
         <size>0x2b8</size>
         <input_file_ref idref="fl-52"/>
      </object_component>
      <object_component id="oc-36a">
         <name>.debug_info</name>
         <load_address>0xd61b</load_address>
         <run_address>0xd61b</run_address>
         <size>0x46</size>
         <input_file_ref idref="fl-52"/>
      </object_component>
      <object_component id="oc-2f7">
         <name>.debug_info</name>
         <load_address>0xd661</load_address>
         <run_address>0xd661</run_address>
         <size>0x39</size>
         <input_file_ref idref="fl-52"/>
      </object_component>
      <object_component id="oc-280">
         <name>.debug_info</name>
         <load_address>0xd69a</load_address>
         <run_address>0xd69a</run_address>
         <size>0x60</size>
         <input_file_ref idref="fl-52"/>
      </object_component>
      <object_component id="oc-3fd">
         <name>.debug_info</name>
         <load_address>0xd6fa</load_address>
         <run_address>0xd6fa</run_address>
         <size>0x122</size>
         <input_file_ref idref="fl-53"/>
      </object_component>
      <object_component id="oc-5ed">
         <name>.debug_info</name>
         <load_address>0xd81c</load_address>
         <run_address>0xd81c</run_address>
         <size>0x181</size>
         <input_file_ref idref="fl-56"/>
      </object_component>
      <object_component id="oc-529">
         <name>.debug_info</name>
         <load_address>0xd99d</load_address>
         <run_address>0xd99d</run_address>
         <size>0x17a</size>
         <input_file_ref idref="fl-56"/>
      </object_component>
      <object_component id="oc-5ff">
         <name>.debug_info</name>
         <load_address>0xdb17</load_address>
         <run_address>0xdb17</run_address>
         <size>0x162</size>
         <input_file_ref idref="fl-57"/>
      </object_component>
      <object_component id="oc-567">
         <name>.debug_info</name>
         <load_address>0xdc79</load_address>
         <run_address>0xdc79</run_address>
         <size>0x230</size>
         <input_file_ref idref="fl-57"/>
      </object_component>
      <object_component id="oc-28c">
         <name>.debug_info</name>
         <load_address>0xdea9</load_address>
         <run_address>0xdea9</run_address>
         <size>0x121</size>
         <input_file_ref idref="fl-58"/>
      </object_component>
      <object_component id="oc-6b7">
         <name>.debug_info</name>
         <load_address>0xdfca</load_address>
         <run_address>0xdfca</run_address>
         <size>0xab</size>
      </object_component>
      <object_component id="oc-459">
         <name>.debug_line</name>
         <load_address>0x0</load_address>
         <run_address>0x0</run_address>
         <size>0x1e9</size>
         <input_file_ref idref="fl-2"/>
      </object_component>
      <object_component id="oc-3a5">
         <name>.debug_line</name>
         <load_address>0x1e9</load_address>
         <run_address>0x1e9</run_address>
         <size>0x36</size>
         <input_file_ref idref="fl-2"/>
      </object_component>
      <object_component id="oc-390">
         <name>.debug_line</name>
         <load_address>0x21f</load_address>
         <run_address>0x21f</run_address>
         <size>0x88</size>
         <input_file_ref idref="fl-2"/>
      </object_component>
      <object_component id="oc-310">
         <name>.debug_line</name>
         <load_address>0x2a7</load_address>
         <run_address>0x2a7</run_address>
         <size>0x51</size>
         <input_file_ref idref="fl-2"/>
      </object_component>
      <object_component id="oc-3f8">
         <name>.debug_line</name>
         <load_address>0x2f8</load_address>
         <run_address>0x2f8</run_address>
         <size>0x5b</size>
         <input_file_ref idref="fl-2"/>
      </object_component>
      <object_component id="oc-512">
[...]
      <symbol id="sm-2b8">
         <name>Inc_RTC</name>
         <value>0xd09c</value>
         <object_component_ref idref="oc-50e"/>
      </symbol>
      <symbol id="sm-2b9">
         <name>Centiseconds</name>
         <value>0x2028</value>
         <object_component_ref idref="oc-330"/>
      </symbol>
      <symbol id="sm-2ba">
         <name>stopWatch</name>
         <value>0xd4ae</value>
         <object_component_ref idref="oc-3bc"/>
      </symbol>
      <symbol id="sm-2bb">
         <name>displayTime</name>
         <value>0xc512</value>
         <object_component_ref idref="oc-38c"/>
      </symbol>
      <symbol id="sm-2bc">
         <name>Minutes</name>
         <value>0x202c</value>
         <object_component_ref idref="oc-330"/>
      </symbol>
      <symbol id="sm-2bd">
         <name>count</name>
         <value>0x2030</value>
         <object_component_ref idref="oc-330"/>
      </symbol>
      <symbol id="sm-2f5">
         <name>initCompParam</name>
         <value>0x2032</value>
         <object_component_ref idref="oc-4b9"/>
      </symbol>
      <symbol id="sm-2f6">
         <name>degF</name>
         <value>0x203e</value>
         <object_component_ref idref="oc-303"/>
      </symbol>
      <symbol id="sm-2f7">
         <name>degC</name>
         <value>0x203c</value>
         <object_component_ref idref="oc-303"/>
      </symbol>
      <symbol id="sm-2f8">
         <name>tempUnit</name>
         <value>0x203a</value>
         <object_component_ref idref="oc-303"/>
      </symbol>
      <symbol id="sm-2f9">
         <name>tempSensorModeInit</name>
         <value>0xd7be</value>
         <object_component_ref idref="oc-3ed"/>
      </symbol>
      <symbol id="sm-2fa">
         <name>initUpParam_A1</name>
         <value>0x200e</value>
         <object_component_ref idref="oc-4b6"/>
      </symbol>
      <symbol id="sm-2fb">
         <name>tempSensor</name>
         <value>0xc6ba</value>
         <object_component_ref idref="oc-3b6"/>
      </symbol>
      <symbol id="sm-2fc">
         <name>displayTemp</name>
         <value>0xccba</value>
         <object_component_ref idref="oc-306"/>
      </symbol>
      <symbol id="sm-346">
         <name>clearLCD</name>
         <value>0xd57c</value>
         <object_component_ref idref="oc-375"/>
      </symbol>
      <symbol id="sm-347">
         <name>displayScrollText</name>
         <value>0xcbd6</value>
         <object_component_ref idref="oc-3db"/>
      </symbol>
      <symbol id="sm-348">
         <name>showChar</name>
         <value>0xd22c</value>
         <object_component_ref idref="oc-37b"/>
      </symbol>
      <symbol id="sm-349">
         <name>Init_LCD</name>
         <value>0xcf34</value>
         <object_component_ref idref="oc-3ce"/>
      </symbol>
      <symbol id="sm-34a">
         <name>alphabetBig</name>
         <value>0xc454</value>
         <object_component_ref idref="oc-443"/>
      </symbol>
      <symbol id="sm-34b">
         <name>digit</name>
         <value>0xc4ce</value>
         <object_component_ref idref="oc-446"/>
      </symbol>
      <symbol id="sm-3c1">
         <name>ADC_ISR</name>
         <value>0xd884</value>
         <object_component_ref idref="oc-2a7"/>
      </symbol>
      <symbol id="sm-3c2">
         <name>S2buttonDebounce</name>
         <value>0x201e</value>
         <object_component_ref idref="oc-300"/>
      </symbol>
      <symbol id="sm-3c3">
         <name>S1buttonDebounce</name>
         <value>0x201c</value>
         <object_component_ref idref="oc-300"/>
      </symbol>
      <symbol id="sm-3c4">
         <name>Init_GPIO</name>
         <value>0xc9d2</value>
         <object_component_ref idref="oc-3b0"/>
      </symbol>
      <symbol id="sm-3c5">
         <name>__TI_int48</name>
         <value>0xffe8</value>
         <object_component_ref idref="oc-73"/>
      </symbol>
      <symbol id="sm-3c6">
         <name>__TI_int46</name>
         <value>0xffe4</value>
         <object_component_ref idref="oc-71"/>
      </symbol>
      <symbol id="sm-3c7">
         <name>__TI_int47</name>
         <value>0xffe6</value>
         <object_component_ref idref="oc-72"/>
      </symbol>
      <symbol id="sm-3c8">
         <name>holdCount</name>
         <value>0x2026</value>
         <object_component_ref idref="oc-300"/>
      </symbol>
      <symbol id="sm-3c9">
         <name>__TI_int56</name>
         <value>0xfff8</value>
         <object_component_ref idref="oc-7b"/>
      </symbol>
      <symbol id="sm-3ca">
         <name>__TI_int52</name>
         <value>0xfff0</value>
         <object_component_ref idref="oc-77"/>
      </symbol>
      <symbol id="sm-3cb">
         <name>PORT1_ISR</name>
         <value>0xd31c</value>
         <object_component_ref idref="oc-2a1"/>
      </symbol>
      <symbol id="sm-3cc">
         <name>tempSensorRunning</name>
         <value>0x2022</value>
         <object_component_ref idref="oc-300"/>
      </symbol>
      <symbol id="sm-3cd">
         <name>Init_Clock</name>
         <value>0xda7a</value>
         <object_component_ref idref="oc-3c2"/>
      </symbol>
      <symbol id="sm-3ce">
         <name>main</name>
         <value>0xc84e</value>
         <object_component_ref idref="oc-34e"/>
      </symbol>
      <symbol id="sm-3cf">
         <name>initUpParam_A0</name>
         <value>0x2000</value>
         <object_component_ref idref="oc-312"/>
      </symbol>
      <symbol id="sm-3d0">
         <name>stopWatchRunning</name>
         <value>0x2020</value>
         <object_component_ref idref="oc-300"/>
      </symbol>
      <symbol id="sm-3d1">
         <name>PORT2_ISR</name>
         <value>0xce68</value>
         <object_component_ref idref="oc-29b"/>
      </symbol>
      <symbol id="sm-3d2">
         <name>mode</name>
         <value>0x2024</value>
         <object_component_ref idref="oc-300"/>
      </symbol>
      <symbol id="sm-3d3">
         <name>Init_RTC</name>
         <value>0xd8d8</value>
         <object_component_ref idref="oc-3c8"/>
      </symbol>
      <symbol id="sm-3d4">
         <name>RTC_ISR</name>
         <value>0xd2a6</value>
         <object_component_ref idref="oc-2ad"/>
      </symbol>
      <symbol id="sm-3d5">
         <name>TIMER0_A0_ISR</name>
         <value>0xcd9a</value>
         <object_component_ref idref="oc-2b3"/>
      </symbol>
      <symbol id="sm-3ee">
         <name>checkTemperatureAndTriggerLED_C</name>
         <value>0xd9d2</value>
         <object_component_ref idref="oc-4e3"/>
      </symbol>
      <symbol id="sm-3ef">
         <name>checkTemperatureAndTriggerLED_F</name>
         <value>0xd9e4</value>
         <object_component_ref idref="oc-4e9"/>
      </symbol>
      <symbol id="sm-404">
         <name>writeTemperatureToFRAM_celsius</name>
         <value>0xd746</value>
         <object_component_ref idref="oc-4dd"/>
      </symbol>
      <symbol id="sm-405">
         <name>readTemperatureFromFRAM</name>
         <value>0xd8f0</value>
         <object_component_ref idref="oc-4d7"/>
      </symbol>
      <symbol id="sm-444">
         <name>ADC_configureMemory</name>
         <value>0xd65e</value>
         <object_component_ref idref="oc-498"/>
      </symbol>
      <symbol id="sm-445">
         <name>ADC_disableConversions</name>
         <value>0xd806</value>
         <object_component_ref idref="oc-4ef"/>
      </symbol>
      <symbol id="sm-446">
         <name>ADC_enableInterrupt</name>
         <value>0xdac4</value>
         <object_component_ref idref="oc-49e"/>
      </symbol>
      <symbol id="sm-447">
         <name>ADC_startConversion</name>
         <value>0xd98a</value>
         <object_component_ref idref="oc-4a4"/>
      </symbol>
      <symbol id="sm-448">
         <name>ADC_init</name>
         <value>0xd5f6</value>
         <object_component_ref idref="oc-48c"/>
      </symbol>
      <symbol id="sm-449">
         <name>ADC_disable</name>
         <value>0xdab4</value>
         <object_component_ref idref="oc-4f5"/>
      </symbol>
      <symbol id="sm-44a">
         <name>ADC_enable</name>
         <value>0xdabc</value>
         <object_component_ref idref="oc-492"/>
      </symbol>
      <symbol id="sm-44b">
         <name>ADC_clearInterrupt</name>
         <value>0xdaac</value>
         <object_component_ref idref="oc-329"/>
      </symbol>
      <symbol id="sm-457">
         <name>CS_turnOnXT1LF</name>
         <value>0xd68e</value>
         <object_component_ref idref="oc-515"/>
      </symbol>
      <symbol id="sm-4ad">
         <name>GPIO_setAsInputPin</name>
         <value>0xd866</value>
         <object_component_ref idref="oc-467"/>
      </symbol>
      <symbol id="sm-4ae">
         <name>GPIO_clearInterrupt</name>
         <value>0xd908</value>
         <object_component_ref idref="oc-3d4"/>
      </symbol>
      <symbol id="sm-4af">
         <name>GPIO_selectInterruptEdge</name>
         <value>0xd826</value>
         <object_component_ref idref="oc-46d"/>
      </symbol>
      <symbol id="sm-4b0">
         <name>GPIO_setAsInputPinWithPullUpResistor</name>
         <value>0xd7e4</value>
         <object_component_ref idref="oc-473"/>
      </symbol>
      <symbol id="sm-4b1">
         <name>GPIO_enableInterrupt</name>
         <value>0xd91e</value>
         <object_component_ref idref="oc-479"/>
      </symbol>
      <symbol id="sm-4b2">
         <name>GPIO_setAsOutputPin</name>
         <value>0xd8be</value>
         <object_component_ref idref="oc-461"/>
      </symbol>
      <symbol id="sm-4b3">
         <name>GPIO_setOutputLowOnPin</name>
         <value>0xd934</value>
         <object_component_ref idref="oc-45b"/>
      </symbol>
      <symbol id="sm-4b4">
         <name>GPIO_setAsPeripheralModuleFunctionInputPin</name>
         <value>0xd62a</value>
         <object_component_ref idref="oc-47f"/>
      </symbol>
      <symbol id="sm-519">
         <name>LCD_E_clearAllMemory</name>
         <value>0xdaec</value>
         <object_component_ref idref="oc-54a"/>
      </symbol>
      <symbol id="sm-51a">
         <name>LCD_E_on</name>
         <value>0xda56</value>
         <object_component_ref idref="oc-556"/>
      </symbol>
      <symbol id="sm-51b">
         <name>LCD_E_setPinAsCOM</name>
         <value>0xcffe</value>
         <object_component_ref idref="oc-550"/>
      </symbol>
      <symbol id="sm-51c">
         <name>LCD_E_setVLCDSource</name>
         <value>0xd99c</value>
         <object_component_ref idref="oc-532"/>
      </symbol>
      <symbol id="sm-51d">
         <name>LCD_E_selectDisplayMemory</name>
         <value>0xda84</value>
         <object_component_ref idref="oc-3e1"/>
      </symbol>
      <symbol id="sm-51e">
         <name>LCD_E_setChargePumpFreq</name>
         <value>0xda62</value>
         <object_component_ref idref="oc-544"/>
      </symbol>
      <symbol id="sm-51f">
         <name>LCD_E_init</name>
         <value>0xd770</value>
         <object_component_ref idref="oc-52c"/>
      </symbol>
      <symbol id="sm-520">
         <name>LCD_E_enableChargePump</name>
         <value>0xdacc</value>
         <object_component_ref idref="oc-53e"/>
      </symbol>
      <symbol id="sm-521">
         <name>LCD_E_setVLCDVoltage</name>
         <value>0xda6e</value>
         <object_component_ref idref="oc-538"/>
      </symbol>
      <symbol id="sm-522">
         <name>LCD_E_INIT_PARAM</name>
         <value>0xc502</value>
         <object_component_ref idref="oc-523"/>
      </symbol>
      <symbol id="sm-523">
         <name>LCD_E_setPinAsLCDFunctionEx</name>
         <value>0xd12c</value>
         <object_component_ref idref="oc-51d"/>
      </symbol>
      <symbol id="sm-550">
         <name>PMM_enableInternalReference</name>
         <value>0xda28</value>
         <object_component_ref idref="oc-4aa"/>
      </symbol>
      <symbol id="sm-551">
         <name>PMM_unlockLPM5</name>
         <value>0xdaf2</value>
         <object_component_ref idref="oc-485"/>
      </symbol>
      <symbol id="sm-552">
         <name>PMM_turnOffRegulator</name>
         <value>0xd9ae</value>
         <object_component_ref idref="oc-507"/>
      </symbol>
      <symbol id="sm-553">
         <name>PMM_disableTempSensor</name>
         <value>0xda18</value>
         <object_component_ref idref="oc-501"/>
      </symbol>
      <symbol id="sm-554">
         <name>PMM_disableInternalReference</name>
         <value>0xda08</value>
         <object_component_ref idref="oc-4fb"/>
      </symbol>
      <symbol id="sm-555">
         <name>PMM_enableTempSensor</name>
         <value>0xda38</value>
         <object_component_ref idref="oc-4b0"/>
      </symbol>
      <symbol id="sm-574">
         <name>RTC_setModulo</name>
         <value>0xdaf8</value>
         <object_component_ref idref="oc-333"/>
      </symbol>
      <symbol id="sm-575">
         <name>RTC_stop</name>
         <value>0xdad4</value>
         <object_component_ref idref="oc-31c"/>
      </symbol>
      <symbol id="sm-576">
         <name>RTC_enableInterrupt</name>
         <value>0xda8e</value>
         <object_component_ref idref="oc-3e7"/>
      </symbol>
      <symbol id="sm-577">
         <name>RTC_start</name>
         <value>0xd9c0</value>
         <object_component_ref idref="oc-322"/>
      </symbol>
      <symbol id="sm-59f">
         <name>Timer_A_initUpMode</name>
         <value>0xd3fa</value>
         <object_component_ref idref="oc-315"/>
      </symbol>
      <symbol id="sm-5a0">
         <name>Timer_A_initCompareMode</name>
         <value>0xd6be</value>
         <object_component_ref idref="oc-4bc"/>
      </symbol>
      <symbol id="sm-5a1">
         <name>Timer_A_startCounter</name>
         <value>0xdafe</value>
         <object_component_ref idref="oc-4c2"/>
      </symbol>
      <symbol id="sm-5a2">
         <name>Timer_A_stop</name>
         <value>0xdadc</value>
         <object_component_ref idref="oc-33a"/>
      </symbol>
      <symbol id="sm-5ad">
         <name>WDT_A_hold</name>
         <value>0xd94a</value>
         <object_component_ref idref="oc-3aa"/>
      </symbol>
      <symbol id="sm-5b9">
         <name>__mspabi_remi</name>
         <value>0xd71a</value>
         <object_component_ref idref="oc-381"/>
      </symbol>
      <symbol id="sm-5ba">
         <name>__mspabi_divi</name>
         <value>0xd71a</value>
         <object_component_ref idref="oc-381"/>
      </symbol>
      <symbol id="sm-5c4">
         <name>__mspabi_remu</name>
         <value>0xd960</value>
         <object_component_ref idref="oc-44a"/>
      </symbol>
      <symbol id="sm-5c5">
         <name>__mspabi_divu</name>
         <value>0xd960</value>
         <object_component_ref idref="oc-44a"/>
      </symbol>
      <symbol id="sm-5d1">
         <name>__mspabi_remli</name>
         <value>0xd53c</value>
         <object_component_ref idref="oc-4d2"/>
      </symbol>
      <symbol id="sm-5d2">
         <name>__mspabi_divli</name>
         <value>0xd53c</value>
         <object_component_ref idref="oc-4d2"/>
      </symbol>
      <symbol id="sm-5e0">
         <name>__mspabi_remul</name>
         <value>0xd456</value>
         <object_component_ref idref="oc-5cb"/>
      </symbol>
      <symbol id="sm-5e1">
         <name>__mspabi_divul</name>
         <value>0xd456</value>
         <object_component_ref idref="oc-5cb"/>
      </symbol>
      <symbol id="sm-5e4">
         <name>__TI_int45</name>
         <value>0xffe2</value>
         <object_component_ref idref="oc-70"/>
      </symbol>
      <symbol id="sm-5e7">
         <name>__TI_int49</name>
         <value>0xffea</value>
         <object_component_ref idref="oc-74"/>
      </symbol>
      <symbol id="sm-5ea">
         <name>__TI_int50</name>
         <value>0xffec</value>
         <object_component_ref idref="oc-75"/>
      </symbol>
      <symbol id="sm-5ed">
         <name>__TI_int51</name>
         <value>0xffee</value>
         <object_component_ref idref="oc-76"/>
      </symbol>
      <symbol id="sm-5f0">
         <name>__TI_int53</name>
         <value>0xfff2</value>
         <object_component_ref idref="oc-78"/>
      </symbol>
      <symbol id="sm-5f3">
         <name>__TI_int54</name>
         <value>0xfff4</value>
         <object_component_ref idref="oc-79"/>
      </symbol>
      <symbol id="sm-5f6">
         <name>__TI_int55</name>
         <value>0xfff6</value>
         <object_component_ref idref="oc-7a"/>
      </symbol>
      <symbol id="sm-5f9">
         <name>__TI_int57</name>
         <value>0xfffa</value>
         <object_component_ref idref="oc-7c"/>
      </symbol>
      <symbol id="sm-5fc">
         <name>__TI_int58</name>
         <value>0xfffc</value>
         <object_component_ref idref="oc-7d"/>
      </symbol>
      <symbol id="sm-604">
         <name>__TI_ISR_TRAP</name>
         <value>0xdae4</value>
         <object_component_ref idref="oc-296"/>
      </symbol>
      <symbol id="sm-60d">
         <name>__mspabi_slli</name>
         <value>0xda98</value>
         <object_component_ref idref="oc-5b9"/>
      </symbol>
      <symbol id="sm-616">
         <name>__mspabi_srli</name>
         <value>0xdaa2</value>
         <object_component_ref idref="oc-5dd"/>
      </symbol>
      <symbol id="sm-620">
         <name>__mspabi_mpyi_sw</name>
         <value>0xd976</value>
         <object_component_ref idref="oc-4cd"/>
      </symbol>
      <symbol id="sm-621">
         <name>__mspabi_mpyi</name>
         <value>0xd976</value>
         <object_component_ref idref="oc-4cd"/>
      </symbol>
      <symbol id="sm-62b">
         <name>__mspabi_mpyl_sw</name>
         <value>0xd798</value>
         <object_component_ref idref="oc-4c8"/>
      </symbol>
      <symbol id="sm-62c">
         <name>__mspabi_mpyl</name>
         <value>0xd798</value>
         <object_component_ref idref="oc-4c8"/>
      </symbol>
      <symbol id="sm-63c">
         <name>_stack</name>
         <value>0x2760</value>
         <object_component_ref idref="oc-27b"/>
      </symbol>
      <symbol id="sm-63d">
         <name>_c_int00_noargs</name>
         <value>0xd8a2</value>
         <object_component_ref idref="oc-2cb"/>
      </symbol>
      <symbol id="sm-63e">
         <name>_reset_vector</name>
         <value>0xfffe</value>
         <object_component_ref idref="oc-27e"/>
      </symbol>
      <symbol id="sm-660">
         <name>__TI_auto_init_nobinit_nopinit_hold_wdt</name>
         <value>0xd390</value>
         <object_component_ref idref="oc-41e"/>
      </symbol>
      <symbol id="sm-66c">
         <name>_system_pre_init</name>
         <value>0xdb0a</value>
         <object_component_ref idref="oc-348"/>
      </symbol>
      <symbol id="sm-675">
         <name>_system_post_cinit</name>
         <value>0xdb0e</value>
         <object_component_ref idref="oc-589"/>
      </symbol>
      <symbol id="sm-686">
         <name>__TI_decompress_none</name>
         <value>0xd5ba</value>
         <object_component_ref idref="oc-6a"/>
      </symbol>
      <symbol id="sm-6a7">
         <name>__TI_decompress_lzss</name>
         <value>0xcae8</value>
         <object_component_ref idref="oc-64"/>
      </symbol>
      <symbol id="sm-6b1">
         <name>C$$EXIT</name>
         <value>0xdb04</value>
         <object_component_ref idref="oc-3fa"/>
      </symbol>
      <symbol id="sm-6b2">
         <name>abort</name>
         <value>0xdb04</value>
         <object_component_ref idref="oc-3fa"/>
      </symbol>
      <symbol id="sm-6c2">
         <name>memcpy</name>
         <value>0xd9f6</value>
         <object_component_ref idref="oc-526"/>
      </symbol>
      <symbol id="sm-6cf">
         <name>strlen</name>
         <value>0xda48</value>
         <object_component_ref idref="oc-566"/>
      </symbol>
      <symbol id="sm-6da">
         <name>__memcpy_far</name>
         <value>0xd4fc</value>
         <object_component_ref idref="oc-28a"/>
      </symbol>
   </symbol_table>
   <title>Link successful</title>
</link_info>
